// Jest Snapshot v1, https://goo.gl/fbAQLP

exports[`CurrencyList after passing prop data table should have necessary rows 1`] = `"<div class=\\"MuiPaper-root MuiTableContainer-root MuiPaper-elevation1 MuiPaper-rounded\\"><table class=\\"MuiTable-root makeStyles-table-1\\" aria-label=\\"simple table\\"><thead class=\\"MuiTableHead-root\\"><tr class=\\"MuiTableRow-root MuiTableRow-head\\"><th class=\\"MuiTableCell-root MuiTableCell-head WithStyles(ForwardRef(TableCell))-head-2\\" scope=\\"col\\">CurrencyCode</th><th class=\\"MuiTableCell-root MuiTableCell-head WithStyles(ForwardRef(TableCell))-head-2 MuiTableCell-alignRight\\" scope=\\"col\\">Quotes</th></tr></thead><tbody class=\\"MuiTableBody-root\\"><tr class=\\"MuiTableRow-root WithStyles(ForwardRef(TableRow))-root-4\\"><th class=\\"MuiTableCell-root MuiTableCell-body WithStyles(ForwardRef(TableCell))-body-3\\" role=\\"cell\\" scope=\\"row\\">USD</th><td class=\\"MuiTableCell-root MuiTableCell-body MuiTableCell-alignRight\\">123</td></tr></tbody></table></div>"`;
